// Jest Snapshot v1, https://goo.gl/fbAQLP

exports[`Temperature component Should render Temperature with empty list 1`] = `
Object {
  "asFragment": [Function],
  "baseElement": <body>
    <div>
      <div
        class="rs-flex-box-grid-item rs-flex-box-grid-item-24 rs-col rs-col-md-2"
        role="gridcell"
      >
        <div
          class="sc-bczRLJ hnZsda rs-flex-box-grid rs-flex-box-grid-top rs-flex-box-grid-start"
        >
          <div
            class="sc-gsnTZi iiSpRq rs-flex-box-grid-item rs-flex-box-grid-item-0"
          >
            <b
              class="sc-dkzDqf cybjuV"
            >
              72
            </b>
            <b>
              °F
            </b>
          </div>
          <div
            class="sc-gsnTZi iiSpRq rs-flex-box-grid-item rs-flex-box-grid-item-0"
          >
            <b
              class="sc-dkzDqf cybjuV"
            >
              91
            </b>
            <b>
              °F
            </b>
          </div>
        </div>
      </div>
    </div>
  </body>,
  "container": <div>
    <div
      class="rs-flex-box-grid-item rs-flex-box-grid-item-24 rs-col rs-col-md-2"
      role="gridcell"
    >
      <div
        class="sc-bczRLJ hnZsda rs-flex-box-grid rs-flex-box-grid-top rs-flex-box-grid-start"
      >
        <div
          class="sc-gsnTZi iiSpRq rs-flex-box-grid-item rs-flex-box-grid-item-0"
        >
          <b
            class="sc-dkzDqf cybjuV"
          >
            72
          </b>
          <b>
            °F
          </b>
        </div>
        <div
          class="sc-gsnTZi iiSpRq rs-flex-box-grid-item rs-flex-box-grid-item-0"
        >
          <b
            class="sc-dkzDqf cybjuV"
          >
            91
          </b>
          <b>
            °F
          </b>
        </div>
      </div>
    </div>
  </div>,
  "debug": [Function],
  "findAllByAltText": [Function],
  "findAllByDisplayValue": [Function],
  "findAllByLabelText": [Function],
  "findAllByPlaceholderText": [Function],
  "findAllByRole": [Function],
  "findAllByTestId": [Function],
  "findAllByText": [Function],
  "findAllByTitle": [Function],
  "findByAltText": [Function],
  "findByDisplayValue": [Function],
  "findByLabelText": [Function],
  "findByPlaceholderText": [Function],
  "findByRole": [Function],
  "findByTestId": [Function],
  "findByText": [Function],
  "findByTitle": [Function],
  "getAllByAltText": [Function],
  "getAllByDisplayValue": [Function],
  "getAllByLabelText": [Function],
  "getAllByPlaceholderText": [Function],
  "getAllByRole": [Function],
  "getAllByTestId": [Function],
  "getAllByText": [Function],
  "getAllByTitle": [Function],
  "getByAltText": [Function],
  "getByDisplayValue": [Function],
  "getByLabelText": [Function],
  "getByPlaceholderText": [Function],
  "getByRole": [Function],
  "getByTestId": [Function],
  "getByText": [Function],
  "getByTitle": [Function],
  "queryAllByAltText": [Function],
  "queryAllByDisplayValue": [Function],
  "queryAllByLabelText": [Function],
  "queryAllByPlaceholderText": [Function],
  "queryAllByRole": [Function],
  "queryAllByTestId": [Function],
  "queryAllByText": [Function],
  "queryAllByTitle": [Function],
  "queryByAltText": [Function],
  "queryByDisplayValue": [Function],
  "queryByLabelText": [Function],
  "queryByPlaceholderText": [Function],
  "queryByRole": [Function],
  "queryByTestId": [Function],
  "queryByText": [Function],
  "queryByTitle": [Function],
  "rerender": [Function],
  "unmount": [Function],
}
`;

exports[`Temperature component Should render correctly 1`] = `
Object {
  "asFragment": [Function],
  "baseElement": <body>
    <div>
      <div
        class="rs-flex-box-grid-item rs-flex-box-grid-item-24 rs-col rs-col-md-2"
        role="gridcell"
      >
        <div
          class="sc-bczRLJ hnZsda rs-flex-box-grid rs-flex-box-grid-top rs-flex-box-grid-start"
        >
          <div
            class="sc-gsnTZi iiSpRq rs-flex-box-grid-item rs-flex-box-grid-item-0"
          >
            <b
              class="sc-dkzDqf cybjuV"
            >
              72
            </b>
            <b>
              °F
            </b>
          </div>
          <div
            class="sc-gsnTZi iiSpRq rs-flex-box-grid-item rs-flex-box-grid-item-0"
          >
            <b
              class="sc-dkzDqf cybjuV"
            >
              91
            </b>
            <b>
              °F
            </b>
          </div>
        </div>
      </div>
    </div>
  </body>,
  "container": <div>
    <div
      class="rs-flex-box-grid-item rs-flex-box-grid-item-24 rs-col rs-col-md-2"
      role="gridcell"
    >
      <div
        class="sc-bczRLJ hnZsda rs-flex-box-grid rs-flex-box-grid-top rs-flex-box-grid-start"
      >
        <div
          class="sc-gsnTZi iiSpRq rs-flex-box-grid-item rs-flex-box-grid-item-0"
        >
          <b
            class="sc-dkzDqf cybjuV"
          >
            72
          </b>
          <b>
            °F
          </b>
        </div>
        <div
          class="sc-gsnTZi iiSpRq rs-flex-box-grid-item rs-flex-box-grid-item-0"
        >
          <b
            class="sc-dkzDqf cybjuV"
          >
            91
          </b>
          <b>
            °F
          </b>
        </div>
      </div>
    </div>
  </div>,
  "debug": [Function],
  "findAllByAltText": [Function],
  "findAllByDisplayValue": [Function],
  "findAllByLabelText": [Function],
  "findAllByPlaceholderText": [Function],
  "findAllByRole": [Function],
  "findAllByTestId": [Function],
  "findAllByText": [Function],
  "findAllByTitle": [Function],
  "findByAltText": [Function],
  "findByDisplayValue": [Function],
  "findByLabelText": [Function],
  "findByPlaceholderText": [Function],
  "findByRole": [Function],
  "findByTestId": [Function],
  "findByText": [Function],
  "findByTitle": [Function],
  "getAllByAltText": [Function],
  "getAllByDisplayValue": [Function],
  "getAllByLabelText": [Function],
  "getAllByPlaceholderText": [Function],
  "getAllByRole": [Function],
  "getAllByTestId": [Function],
  "getAllByText": [Function],
  "getAllByTitle": [Function],
  "getByAltText": [Function],
  "getByDisplayValue": [Function],
  "getByLabelText": [Function],
  "getByPlaceholderText": [Function],
  "getByRole": [Function],
  "getByTestId": [Function],
  "getByText": [Function],
  "getByTitle": [Function],
  "queryAllByAltText": [Function],
  "queryAllByDisplayValue": [Function],
  "queryAllByLabelText": [Function],
  "queryAllByPlaceholderText": [Function],
  "queryAllByRole": [Function],
  "queryAllByTestId": [Function],
  "queryAllByText": [Function],
  "queryAllByTitle": [Function],
  "queryByAltText": [Function],
  "queryByDisplayValue": [Function],
  "queryByLabelText": [Function],
  "queryByPlaceholderText": [Function],
  "queryByRole": [Function],
  "queryByTestId": [Function],
  "queryByText": [Function],
  "queryByTitle": [Function],
  "rerender": [Function],
  "unmount": [Function],
}
`;
